
[1m[46m RUN [49m[22m [36mv4.0.18 [39m[90mC:/financial_planning_antigravity[39m

 [31mΓ¥»[39m src/components/JourneyModule/ProjectionLogic.test.js [2m([22m[2m5 tests[22m[2m | [22m[31m3 failed[39m[2m)[22m[32m 19[2mms[22m[39m
     [32mΓ£ô[39m calculates the correct retirement year for Self[32m 3[2mms[22m[39m
[31m     [31m├ù[31m applies income increments correctly[39m[32m 9[2mms[22m[39m
[31m     [31m├ù[31m compounds household inflation and keeps EMI flat[39m[32m 1[2mms[22m[39m
     [32mΓ£ô[39m progresses education fees and stops after 12th standard[32m 1[2mms[22m[39m
[31m     [31m├ù[31m calculates net investible surplus correctly[39m[32m 3[2mms[22m[39m
node.exe : 
At line:1 char:1
+ & "C:\Program 
Files\nodejs/node.exe" 
"C:\Program 
Files\nodejs/node_mo 
...
+ ~~~~~~~~~~~~~~~~~~~~~
~~~~~~~~~~~~~~~~~~~~~~~
~~~~~~~~~~~~~~~~~~~~~~~
~~
    + CategoryInfo     
         : NotSpecifi  
  ed: (:String) [],    
 RemoteException
    + FullyQualifiedEr 
   rorId : NativeComm  
  andError
 
[31mΓÄ»ΓÄ»ΓÄ»ΓÄ»ΓÄ»ΓÄ»
ΓÄ»[39m[1m[41m 
Failed Tests 3 [49m[2
2m[31mΓÄ»ΓÄ»ΓÄ»ΓÄ»ΓÄ»Γ
Ä»ΓÄ»[39m

[41m[1m FAIL 
[22m[49m src/componen
ts/JourneyModule/Projec
tionLogic.test.js[2m 
> [22mProjectionLogic
[2m > [22mapplies 
income increments 
correctly
[31m[1mAssertionError
[22m: expected +0 to 
be 1200000 // 
Object.is equality[39m

[32m- Expected[39m
[31m+ Received[39m

[32m- 1200000[39m
[31m+ 0[39m

[36m [2mΓ¥»[22m src/
components/JourneyModul
e/ProjectionLogic.test.
js:[2m42:29[22m[39m
    [90m 40| [39m    
    [35mconst[39m 
year2Inflow 
[33m=[39m projections
[[34m1[39m][33m.[39
mannualInflow[33m;[39
m
    [90m 41| [39m    
    
    [90m 42| [39m    
    [34mexpect[39m(ye
ar1Inflow)[33m.[39m[
34mtoBe[39m([34m12000
00[39m)[33m;[39m
    [90m   | [39m    
                       
 [31m^[39m
    [90m 43| [39m    
    [34mexpect[39m(ye
ar2Inflow)[33m.[39m[
34mtoBe[39m([34m13200
00[39m)[33m;[39m 
[90m// 10% 
increase[39m
    [90m 44| [39m    
})[33m;[39m

[31m[2mΓÄ»ΓÄ»ΓÄ»ΓÄ»ΓÄ
»ΓÄ»ΓÄ»ΓÄ»ΓÄ»ΓÄ»ΓÄ»ΓÄ»Γ
Ä»ΓÄ»ΓÄ»ΓÄ»ΓÄ»ΓÄ»ΓÄ»ΓÄ»
ΓÄ»ΓÄ»ΓÄ»ΓÄ»[1/3]ΓÄ»[2
2m[39m

[41m[1m FAIL 
[22m[49m src/componen
ts/JourneyModule/Projec
tionLogic.test.js[2m 
> [22mProjectionLogic
[2m > [22mcompounds 
household inflation 
and keeps EMI flat
[31m[1mAssertionError
[22m: expected 
undefined to be 360000 
// Object.is 
equality[39m

[32m- Expected:[39m 
360000

[31m+ Received:[39m 
undefined

[36m [2mΓ¥»[22m src/
components/JourneyModul
e/ProjectionLogic.test.
js:[2m49:46[22m[39m
    [90m 47| [39m    
    [35mconst[39m 
projections 
[33m=[39m [34mgenera
teProjections[39m(mock
Params)[33m;[39m
    [90m 48| [39m    
    [90m// Year 1: 
(20k household + 10k 
emi) * 12 = 2.4L + 
1.2L = 3.6L[39m
    [90m 49| [39m    
    [34mexpect[39m(pr
ojections[[34m0[39m]
[33m.[39mannualOutflow
)[33m.[39m[34mtoBe[
39m([34m360000[39m)[
33m;[39m
    [90m   | [39m    
                       
                  
[31m^[39m
    [90m 50| [39m    
    
    [90m 51| [39m    
    [90m// Year 2: 
(2.4L * 1.05) + 1.2L = 
2.52L + 1.2L = 
3.72L[39m

[31m[2mΓÄ»ΓÄ»ΓÄ»ΓÄ»ΓÄ
»ΓÄ»ΓÄ»ΓÄ»ΓÄ»ΓÄ»ΓÄ»ΓÄ»Γ
Ä»ΓÄ»ΓÄ»ΓÄ»ΓÄ»ΓÄ»ΓÄ»ΓÄ»
ΓÄ»ΓÄ»ΓÄ»ΓÄ»[2/3]ΓÄ»[2
2m[39m

[41m[1m FAIL 
[22m[49m src/componen
ts/JourneyModule/Projec
tionLogic.test.js[2m 
> [22mProjectionLogic
[2m > [22mcalculates 
net investible surplus 
correctly
[31m[1mAssertionError
[22m: expected 
-410000 to be 790000 
// Object.is 
equality[39m

[32m- Expected[39m
[31m+ Received[39m

[32m- 790000[39m
[31m+ -410000[39m

[36m [2mΓ¥»[22m src/
components/JourneyModul
e/ProjectionLogic.test.
js:[2m78:39[22m[39m
    [90m 76| [39m    
    [90m// Net 
Investible: 7.9 - 1.2 
= 6.7L[39m
    [90m 77| [39m    
    
    [90m 78| [39m    
    [34mexpect[39m(p
[33m.[39msurplusBefore
Saving)[33m.[39m[34m
toBe[39m([34m790000[
39m)[33m;[39m
    [90m   | [39m    
                       
           [31m^[39m
    [90m 79| [39m    
    [34mexpect[39m(p
[33m.[39mnetInvestible
Surplus)[33m.[39m[34
mtoBe[39m([34m670000
[39m)[33m;[39m
    [90m 80| [39m    
})[33m;[39m

[31m[2mΓÄ»ΓÄ»ΓÄ»ΓÄ»ΓÄ
»ΓÄ»ΓÄ»ΓÄ»ΓÄ»ΓÄ»ΓÄ»ΓÄ»Γ
Ä»ΓÄ»ΓÄ»ΓÄ»ΓÄ»ΓÄ»ΓÄ»ΓÄ»
ΓÄ»ΓÄ»ΓÄ»ΓÄ»[3/3]ΓÄ»[2
2m[39m


[2m Test Files [22m [1m[31m1 failed[39m[22m[90m (1)[39m
[2m      Tests [22m [1m[31m3 failed[39m[22m[2m | [22m[1m[32m2 passed[39m[22m[90m (5)[39m
[2m   Start at [22m 16:57:38
[2m   Duration [22m 357ms[2m (transform 62ms, setup 0ms, import 87ms, tests 19ms, environment 0ms)[22m

