
[1m[46m RUN [49m[22m [36mv4.0.18 [39m[90mC:/financial_planning_antigravity[39m

 [31mΓ¥»[39m src/components/JourneyModule/ProjectionLogic.test.js [2m([22m[2m4 tests[22m[2m | [22m[31m1 failed[39m[2m)[22m[32m 18[2mms[22m[39m
     [32mΓ£ô[39m calculates the correct retirement year for Self[32m 5[2mms[22m[39m
     [32mΓ£ô[39m calculates first year impact correctly for Monthly frequency starting in Dec[32m 1[2mms[22m[39m
     [32mΓ£ô[39m calculates first year impact correctly for Annual frequency starting in Dec[32m 1[2mms[22m[39m
[31m     [31m├ù[31m includes future life insurance allocations in savingsAndInvestments[39m[32m 10[2mms[22m[39m
node.exe : 
At line:1 char:1
+ & "C:\Program 
Files\nodejs/node.exe" 
"C:\Program 
Files\nodejs/node_mo 
...
+ ~~~~~~~~~~~~~~~~~~~~~
~~~~~~~~~~~~~~~~~~~~~~~
~~~~~~~~~~~~~~~~~~~~~~~
~~
    + CategoryInfo     
         : NotSpecifi  
  ed: (:String) [],    
 RemoteException
    + FullyQualifiedEr 
   rorId : NativeComm  
  andError
 
[31mΓÄ»ΓÄ»ΓÄ»ΓÄ»ΓÄ»ΓÄ»
ΓÄ»[39m[1m[41m 
Failed Tests 1 [49m[2
2m[31mΓÄ»ΓÄ»ΓÄ»ΓÄ»ΓÄ»Γ
Ä»ΓÄ»[39m

[41m[1m FAIL 
[22m[49m src/componen
ts/JourneyModule/Projec
tionLogic.test.js[2m 
> [22mProjectionLogic
[2m > [22mincludes 
future life insurance 
allocations in 
savingsAndInvestments
[31m[1mAssertionError
[22m: expected 410000 
to be 360000 // 
Object.is equality[39m

[32m- Expected[39m
[31m+ Received[39m

[32m- 360000[39m
[31m+ 410000[39m

[36m [2mΓ¥»[22m src/
components/JourneyModul
e/ProjectionLogic.test.
js:[2m97:41[22m[39m
    [90m 95| [39m    
    [90m// Total 
outflow no longer 
involves insurance 
premium.[39m
    [90m 96| [39m    
    [90m// household 
20k*12 = 240k, emi 
10k*12 = 120k. total = 
360k.[39m
    [90m 97| [39m    
    [34mexpect[39m(re
sults[[34m0[39m][33m
.[39mtotalOutflow)[33
m.[39m[34mtoBe[39m(
[34m360000[39m)[33m;
[39m
    [90m   | [39m    
                       
             
[31m^[39m
    [90m 98| [39m    
})[33m;[39m
    [90m 99| 
[39m})[33m;[39m

[31m[2mΓÄ»ΓÄ»ΓÄ»ΓÄ»ΓÄ
»ΓÄ»ΓÄ»ΓÄ»ΓÄ»ΓÄ»ΓÄ»ΓÄ»Γ
Ä»ΓÄ»ΓÄ»ΓÄ»ΓÄ»ΓÄ»ΓÄ»ΓÄ»
ΓÄ»ΓÄ»ΓÄ»ΓÄ»[1/1]ΓÄ»[2
2m[39m


[2m Test Files [22m [1m[31m1 failed[39m[22m[90m (1)[39m
[2m      Tests [22m [1m[31m1 failed[39m[22m[2m | [22m[1m[32m3 passed[39m[22m[90m (4)[39m
[2m   Start at [22m 18:14:39
[2m   Duration [22m 391ms[2m (transform 74ms, setup 0ms, import 113ms, tests 18ms, environment 0ms)[22m

